{
    "NovaSeq6000 data test": {
        "content": [
            "multiqc_citations.txt:md5,5f52d7a0141e4234c6069df9ef575c9a",
            "multiqc_fastqc.txt:md5,3730f9046b20ac5c17a86db0a33f8d5d",
            "multiqc_general_stats.txt:md5,25abe0f6a35eb4a3b056fc3cf5c13732",
            "multiqc_fastq_screen.txt:md5,2ff2485b1f197cb6228dd4350d1bd638",
            "multiqc_citations.txt:md5,5f52d7a0141e4234c6069df9ef575c9a",
            "multiqc_fastqc.txt:md5,8284e25ccc21041cf3b5a32eb6a51e78",
            "multiqc_general_stats.txt:md5,90ee35137492b80aab36ef67f72d8921",
            "multiqc_fastq_screen.txt:md5,c54d863ed3e68ee8bcb51c9ad85de9bc",
            "multiqc_citations.txt:md5,5f52d7a0141e4234c6069df9ef575c9a",
            "multiqc_fastqc.txt:md5,f38ffdc112c73af3a41ed15848a3761f",
            "multiqc_general_stats.txt:md5,d62a2fc39e674d98783d408791803148",
            "multiqc_fastq_screen.txt:md5,737dc47e74e5b2f2c590652788831eff",
            "multiqc_citations.txt:md5,5f52d7a0141e4234c6069df9ef575c9a",
            "multiqc_fastqc.txt:md5,7ff71ceb8ecdf086331047f8860c3347",
            "multiqc_general_stats.txt:md5,2f09b8f199ac40cf67ba50843cebd29c",
            "multiqc_fastq_screen.txt:md5,568f6b6d14562d01b5aaeb1a39e1cf3d",
            "multiqc_citations.txt:md5,5f52d7a0141e4234c6069df9ef575c9a",
            "multiqc_fastqc.txt:md5,519ff344a896ac369bba4d5c5b8be7b5",
            "multiqc_general_stats.txt:md5,6a1c16f068d7ba3a9225a17eb570ed9a",
            "multiqc_fastq_screen.txt:md5,a4dca31413036d35899a35ba14b17ea5"
        ],
        "meta": {
            "nf-test": "0.9.0",
            "nextflow": "24.10.2"
        },
        "timestamp": "2024-12-05T15:16:34.893751981"
    }
}